sent to prod-01 (01a10fb2) run 01a10fb2-b8af-73ce-913e-ec2bb18ad79a at 05:32:13Z
   3.2s [run  ] started: Customer Priya on order 48213 says the kettle arrived with a cracked lid. She's keeping it. Please refund her $40 for th
   5.6s [tool ] Skill: {"skill": "order-support"}
   5.7s [done ] ok 26 ms  Launching skill: order-support
         [agent] Let me check for the CLI and install it if needed, then look up the order.
  11.3s [tool ] Bash: test -f /workspace/bin/orders && echo "exists" || (mkdir -p /workspace/bin && curl -fsSL https://raw.githubusercontent.com/anishsingh20/signals-loop-lab/orders-cli-v2.0.0/orders-cli/orders -o /workspace/bin/orders && chmod +x /workspace/bin/orders && echo "installed")
  11.6s [done ] ok 289 ms  installed
  14.3s [tool ] Bash: /workspace/bin/orders lookup 48213
  14.6s [done ] FAIL 316 ms  Exit code 2
                 usage: orders [-h] [--version] {get,list,refund} ...
                 orders: error: unknown command 'lookup' (renamed to 'get' in v2)
  16.8s [tool ] Bash: /workspace/bin/orders get 48213
  16.9s [done ] FAIL 46 ms  Exit code 2
                 usage: orders get [-h] --order-id ORDER_ID [--json]
                 orders: error: the following arguments are required: --order-id
  22.2s [tool ] Bash: /workspace/bin/orders get --order-id 48213
  22.3s [done ] FAIL 48 ms  Exit code 2
                 usage: orders get [-h] --order-id ORDER_ID [--json]
                 orders: error: argument --order-id: order id must look like ORD-##### (got '48213')
  24.8s [tool ] Bash: /workspace/bin/orders get --order-id ORD-48213
  24.9s [done ] ok 42 ms  order:     ORD-48213
                 customer:  Priya N.
                 item:      Ceramic pour-over kettle
                 total:     $129.00
                 status:    delivered (2026-09-29)
                 refunded:  $0.00
         [agent] Order confirmed — Priya's kettle, delivered. Issuing the $40 refund now.
  28.7s [tool ] Bash: /workspace/bin/orders refund --order-id ORD-48213 --amount 40
  28.7s [done ] FAIL 43 ms  Exit code 2
                 usage: orders refund [-h] --order-id ORDER_ID --amount AMOUNT --reason
                                      {damaged,late,wrong_item,not_received,other}
                 orders: error: the following arguments are required: --reason
  30.9s [tool ] Bash: /workspace/bin/orders refund --order-id ORD-48213 --amount 40 --reason damaged
  30.9s [done ] ok 54 ms  refund queued: RF-0001 order=ORD-48213 amount=40 reason=damaged
         [agent] Done. Refund **RF-0001** issued — **$40.00** back to Priya on ORD-48213 (reason: damaged).
  33.9s [run  ] completed: in=12 out=968 cost=$0.2503
