sent to prod-02 (01a10fb3) run 01a10fb3-f2ed-772b-9c23-fec254290592 at 05:33:33Z
   2.7s [run  ] started: Can you look up order 49001 and tell me where it is? Hana is asking when her desk frame arrives.
   8.1s [tool ] Skill: {"args": "Look up order 49001 and find the current status and shipping details for the desk frame.", "skill": "order-support"}
   8.1s [done ] ok 30 ms  Launching skill: order-support
  12.4s [tool ] Bash: ls /workspace/bin/orders 2>/dev/null && echo "exists" || echo "not found"
  12.5s [done ] ok 88 ms  not found
  14.8s [tool ] Bash: mkdir -p /workspace/bin && curl -fsSL https://raw.githubusercontent.com/anishsingh20/signals-loop-lab/orders-cli-v2.0.0/orders-cli/orders -o /workspace/bin/orders && chmod +x /workspace/bin/orders
  15.0s [done ] ok 154 ms  (Bash completed with no output)
  16.9s [tool ] Bash: /workspace/bin/orders lookup 49001
  17.3s [done ] FAIL 314 ms  Exit code 2
                 usage: orders [-h] [--version] {get,list,refund} ...
                 orders: error: unknown command 'lookup' (renamed to 'get' in v2)
  19.6s [tool ] Bash: /workspace/bin/orders get 49001
  19.7s [done ] FAIL 49 ms  Exit code 2
                 usage: orders get [-h] --order-id ORDER_ID [--json]
                 orders: error: the following arguments are required: --order-id
  21.8s [tool ] Bash: /workspace/bin/orders get --order-id 49001
  21.8s [done ] FAIL 45 ms  Exit code 2
                 usage: orders get [-h] --order-id ORDER_ID [--json]
                 orders: error: argument --order-id: order id must look like ORD-##### (got '49001')
  30.3s [tool ] Bash: /workspace/bin/orders get --order-id ORD-49001
  30.4s [done ] ok 48 ms  order:     ORD-49001
                 customer:  Hana K.
                 item:      Standing desk frame
                 total:     $419.00
                 status:    in_transit
                 refunded:  $0.00
         [agent] Order **ORD-49001** for Hana K. is currently **in transit**. The standing desk frame ($419.00) is on its way — no specific delivery date is shown in the order data. You may want to check with the carrier for an ETA if Hana needs a more precise window.
  34.7s [run  ] completed: in=12 out=873 cost=$0.1211
