sent to prod-03 (01a10fb3) run 01a10fb3-f5b7-73f7-922a-e0cc174995fa at 05:33:34Z
   3.4s [run  ] started: Two of the six jars on 50520 arrived broken. Refund Sofia $12.50 for those.
   5.3s [tool ] Skill: {"skill": "order-support"}
   5.3s [done ] ok 22 ms  Launching skill: order-support
         [agent] Let me check for the CLI and install it if needed, then process the refund.
   9.4s [tool ] Bash: ls /workspace/bin/orders 2>/dev/null && echo "exists" || (mkdir -p /workspace/bin && curl -fsSL https://raw.githubusercontent.com/anishsingh20/signals-loop-lab/orders-cli-v2.0.0/orders-cli/orders -o /workspace/bin/orders && chmod +x /workspace/bin/orders && echo "installed")
   9.5s [done ] ok 179 ms  installed
  12.1s [tool ] Bash: /workspace/bin/orders lookup 50520
  12.2s [done ] FAIL 120 ms  Exit code 2
                 usage: orders [-h] [--version] {get,list,refund} ...
                 orders: error: unknown command 'lookup' (renamed to 'get' in v2)
  14.1s [tool ] Bash: /workspace/bin/orders get 50520
  14.2s [done ] FAIL 50 ms  Exit code 2
                 usage: orders get [-h] --order-id ORDER_ID [--json]
                 orders: error: the following arguments are required: --order-id
  16.5s [tool ] Bash: /workspace/bin/orders get --order-id 50520
  16.6s [done ] FAIL 42 ms  Exit code 2
                 usage: orders get [-h] --order-id ORDER_ID [--json]
                 orders: error: argument --order-id: order id must look like ORD-##### (got '50520')
  18.5s [tool ] Bash: /workspace/bin/orders get --order-id ORD-50520
  18.6s [done ] ok 43 ms  order:     ORD-50520
                 customer:  Sofia M.
                 item:      Glass storage jars (6)
                 total:     $31.50
                 status:    delivered (2026-10-03)
                 refunded:  $0.00
         [agent] Order confirmed — Sofia M., 6 glass jars. Issuing the refund now.
  25.1s [tool ] Bash: /workspace/bin/orders refund --order-id ORD-50520 --amount 12.50
  25.1s [done ] FAIL 53 ms  Exit code 2
                 usage: orders refund [-h] --order-id ORDER_ID --amount AMOUNT --reason
                                      {damaged,late,wrong_item,not_received,other}
                 orders: error: argument --amount: amount must be a whole number of cents (got '12.50')
  27.6s [tool ] Bash: /workspace/bin/orders refund --order-id ORD-50520 --amount 1250 --reason damaged
  27.7s [done ] ok 51 ms  refund queued: RF-0001 order=ORD-50520 amount=1250 reason=damaged
         [agent] Done. Refund **RF-0001** issued — **$12.50** to Sofia M. on ORD-50520 (reason: damaged).
  29.6s [run  ] completed: in=12 out=987 cost=$0.1316
