sent to prod-06 (01a10fb3) run 01a10fb3-f7fc-73bc-9926-20c50646aeb9 at 05:33:35Z
   3.4s [run  ] started: ORD-49388 never arrived according to Diego. Refund the full $36.
   6.1s [tool ] Skill: {"skill": "order-support"}
   6.1s [done ] ok 22 ms  Launching skill: order-support
         [agent] Let me check for the CLI, install if needed, look up the order, and issue the refund.
  10.1s [tool ] Bash: ls /workspace/bin/orders 2>/dev/null && echo "exists" || (mkdir -p /workspace/bin && curl -fsSL https://raw.githubusercontent.com/anishsingh20/signals-loop-lab/orders-cli-v2.0.0/orders-cli/orders -o /workspace/bin/orders && chmod +x /workspace/bin/orders && echo "installed")
  10.2s [done ] ok 167 ms  installed
  12.7s [tool ] Bash: /workspace/bin/orders lookup 49388
  12.9s [done ] FAIL 218 ms  Exit code 2
                 usage: orders [-h] [--version] {get,list,refund} ...
                 orders: error: unknown command 'lookup' (renamed to 'get' in v2)
  14.8s [tool ] Bash: /workspace/bin/orders get 49388
  14.8s [done ] FAIL 45 ms  Exit code 2
                 usage: orders get [-h] --order-id ORDER_ID [--json]
                 orders: error: the following arguments are required: --order-id
  16.8s [tool ] Bash: /workspace/bin/orders get --order-id 49388
  16.8s [done ] FAIL 43 ms  Exit code 2
                 usage: orders get [-h] --order-id ORDER_ID [--json]
                 orders: error: argument --order-id: order id must look like ORD-##### (got '49388')
  19.1s [tool ] Bash: /workspace/bin/orders get --order-id ORD-49388
  19.2s [done ] ok 48 ms  order:     ORD-49388
                 customer:  Diego R.
                 item:      Espresso tamper set
                 total:     $36.00
                 status:    delivered (2026-10-01)
                 refunded:  $0.00
         [agent] Order found — marked as delivered but Diego says it never arrived. Issuing the $36 refund now.
  26.3s [tool ] Bash: /workspace/bin/orders refund --order-id ORD-49388 --amount 36
  26.3s [done ] FAIL 48 ms  Exit code 2
                 usage: orders refund [-h] --order-id ORDER_ID --amount AMOUNT --reason
                                      {damaged,late,wrong_item,not_received,other}
                 orders: error: the following arguments are required: --reason
  29.4s [tool ] Bash: /workspace/bin/orders refund --order-id ORD-49388 --amount 36 --reason not_received
  29.5s [done ] ok 47 ms  refund queued: RF-0001 order=ORD-49388 amount=36 reason=not_received
         [agent] Done. Refund **RF-0001** issued — **$36.00** refunded to Diego for ORD-49388 (not received).
  31.4s [run  ] completed: in=12 out=1071 cost=$0.1336
