sent to prod-05 (01a10fb3) run 01a10fb3-f349-71c8-8433-2361da1bd0cf at 05:33:34Z
   2.7s [run  ] started: Marcus on 48217 got the wrong size duvet cover. He's sending it back. Full refund please.
  14.0s [tool ] Skill: {"skill": "order-support"}
  14.1s [done ] ok 18 ms  Launching skill: order-support
         [agent] Let me check for the CLI, install if needed, then look up the order.
  27.3s [tool ] Bash: ls /workspace/bin/orders 2>/dev/null && echo "exists" || echo "missing"
  27.4s [done ] ok 67 ms  missing
  29.7s [tool ] Bash: mkdir -p /workspace/bin && curl -fsSL https://raw.githubusercontent.com/anishsingh20/signals-loop-lab/orders-cli-v2.0.0/orders-cli/orders -o /workspace/bin/orders && chmod +x /workspace/bin/orders
  29.8s [done ] ok 122 ms  (Bash completed with no output)
  31.7s [tool ] Bash: /workspace/bin/orders lookup 48217
  32.0s [done ] FAIL 359 ms  Exit code 2
                 usage: orders [-h] [--version] {get,list,refund} ...
                 orders: error: unknown command 'lookup' (renamed to 'get' in v2)
  35.5s [tool ] Bash: /workspace/bin/orders get 48217
  35.5s [done ] FAIL 50 ms  Exit code 2
                 usage: orders get [-h] --order-id ORDER_ID [--json]
                 orders: error: the following arguments are required: --order-id
  47.0s [tool ] Bash: /workspace/bin/orders get --order-id 48217
  47.0s [done ] FAIL 43 ms  Exit code 2
                 usage: orders get [-h] --order-id ORDER_ID [--json]
                 orders: error: argument --order-id: order id must look like ORD-##### (got '48217')
  48.7s [tool ] Bash: /workspace/bin/orders get --order-id ORD-48217
  48.8s [done ] ok 57 ms  order:     ORD-48217
                 customer:  Marcus T.
                 item:      Linen duvet cover (queen)
                 total:     $84.50
                 status:    delivered (2026-09-30)
                 refunded:  $0.00
         [agent] Order found — $84.50 total, nothing refunded yet. Issuing the full refund now.
  51.2s [tool ] Bash: /workspace/bin/orders refund --order-id ORD-48217 --amount 84.50
  51.3s [done ] FAIL 42 ms  Exit code 2
                 usage: orders refund [-h] --order-id ORDER_ID --amount AMOUNT --reason
                                      {damaged,late,wrong_item,not_received,other}
                 orders: error: argument --amount: amount must be a whole number of cents (got '84.50')
  53.6s [tool ] Bash: /workspace/bin/orders refund --order-id ORD-48217 --amount 8450 --reason wrong_item
  53.6s [done ] ok 45 ms  refund queued: RF-0001 order=ORD-48217 amount=8450 reason=wrong_item
         [agent] Done. Refund **RF-0001** issued — **$84.50** back to Marcus for the wrong-size duvet cover (ORD-48217).
  56.4s [run  ] completed: in=13 out=1044 cost=$0.1401
