sent to prod-04 (01a10fb3) run 01a10fb3-f8cd-7084-ad8d-6d63d33ddcb3 at 05:33:35Z
   3.5s [run  ] started: Tom's headphones on order 50415 arrived a week late. Give him $25 back as a goodwill gesture.
   5.1s [tool ] Skill: {"skill": "order-support"}
   5.1s [done ] ok 15 ms  Launching skill: order-support
         [agent] Let me check for the CLI and set it up if needed, then process the refund.
   9.9s [tool ] Bash: ls /workspace/bin/orders 2>/dev/null && echo "exists" || (mkdir -p /workspace/bin && curl -fsSL https://raw.githubusercontent.com/anishsingh20/signals-loop-lab/orders-cli-v2.0.0/orders-cli/orders -o /workspace/bin/orders && chmod +x /workspace/bin/orders && echo "installed")
  10.1s [done ] ok 200 ms  installed
  12.8s [tool ] Bash: /workspace/bin/orders lookup 50415
  13.2s [done ] FAIL 338 ms  Exit code 2
                 usage: orders [-h] [--version] {get,list,refund} ...
                 orders: error: unknown command 'lookup' (renamed to 'get' in v2)
  15.4s [tool ] Bash: /workspace/bin/orders get 50415
  15.5s [done ] FAIL 48 ms  Exit code 2
                 usage: orders get [-h] --order-id ORDER_ID [--json]
                 orders: error: the following arguments are required: --order-id
  17.3s [tool ] Bash: /workspace/bin/orders get --order-id 50415
  17.3s [done ] FAIL 45 ms  Exit code 2
                 usage: orders get [-h] --order-id ORDER_ID [--json]
                 orders: error: argument --order-id: order id must look like ORD-##### (got '50415')
  19.2s [tool ] Bash: /workspace/bin/orders get --order-id ORD-50415
  19.2s [done ] ok 43 ms  order:     ORD-50415
                 customer:  Tom B.
                 item:      Noise-cancelling headphones
                 total:     $279.00
                 status:    delivered (2026-10-03)
                 refunded:  $0.00
         [agent] Order confirmed — Tom B., noise-cancelling headphones, delivered. Issuing the $25 refund now.
  23.0s [tool ] Bash: /workspace/bin/orders refund --order-id ORD-50415 --amount 25
  23.0s [done ] FAIL 51 ms  Exit code 2
                 usage: orders refund [-h] --order-id ORDER_ID --amount AMOUNT --reason
                                      {damaged,late,wrong_item,not_received,other}
                 orders: error: the following arguments are required: --reason
  25.6s [tool ] Bash: /workspace/bin/orders refund --order-id ORD-50415 --amount 25 --reason late
  25.6s [done ] ok 44 ms  refund queued: RF-0001 order=ORD-50415 amount=25 reason=late
         [agent] Done. Refund **RF-0001** — $25 back to Tom on order ORD-50415 for late delivery.
  27.4s [run  ] completed: in=12 out=989 cost=$0.1317
